2026-10-05T09:15:57.954676Z ERROR codex_core::tools::router: error=apply_patch verification failed: Failed to find expected lines in /home/ubuntu/xgboost-autoresearch-minimal3/output/research-log.md:
- **Research basis:** XGBoost's tuning notes advise reducing `eta` while increasing boosting rounds ([parameter tuning notes](https://xgboost.readthedocs.io/en/stable/tutorials/param_tuning.html).
2026-10-05T09:24:36.318500Z ERROR codex_core::tools::router: error=apply_patch verification failed: Failed to find expected lines in /home/ubuntu/xgboost-autoresearch-minimal3/train.py:
train_part_of_day = np.select(
    [
        train_departure_minutes < 360,
        train_departure_minutes < 720,
        train_departure_minutes < 1020,
        train_departure_minutes < 1200,
    ],
    part_of_day_names[:-1],
    default=part_of_day_names[-1],
).where(train_departure_minutes.notna())
part_of_day_levels = sorted(pd.unique(train_part_of_day))
2026-10-05T09:38:42.731825Z ERROR codex_core::tools::router: error=apply_patch verification failed: Failed to find expected lines in /home/ubuntu/xgboost-autoresearch-minimal3/train.py:
cat_cols = ["Month", "DayofMonth", "DayOfWeek", "UniqueCarrier", "Origin", "Dest"]
num_cols = ["CRSDepTime", "Distance"]
target   = "dep_delayed_15min"

cat_levels = {col: sorted(train[col].unique()) for col in cat_cols}

def prepare(df):
    X = df[num_cols + cat_cols].copy()
    for col in cat_cols:
